// Jest Snapshot v1, https://goo.gl/fbAQLP

exports[`Renders properly 1`] = `
<div
  className="MuiContainer-root sc-bdnylx hXKTtf MuiContainer-maxWidthLg"
>
  <div
    className="MuiTabs-root"
  >
    <div
      className="MuiTabs-scroller MuiTabs-fixed"
      onScroll={[Function]}
      style={
        Object {
          "marginBottom": null,
          "overflow": "hidden",
        }
      }
    >
      <div
        aria-label="simple tabs example"
        className="MuiTabs-flexContainer"
        onKeyDown={[Function]}
        role="tablist"
      >
        <button
          aria-controls="simple-tabpanel-0"
          aria-selected={true}
          className="MuiButtonBase-root MuiTab-root MuiTab-textColorInherit Mui-selected"
          disabled={false}
          id="simple-tab-0"
          onBlur={[Function]}
          onClick={[Function]}
          onDragLeave={[Function]}
          onFocus={[Function]}
          onKeyDown={[Function]}
          onKeyUp={[Function]}
          onMouseDown={[Function]}
          onMouseLeave={[Function]}
          onMouseUp={[Function]}
          onTouchEnd={[Function]}
          onTouchMove={[Function]}
          onTouchStart={[Function]}
          role="tab"
          tabIndex={0}
          type="button"
        >
          <span
            className="MuiTab-wrapper"
          >
            Home
          </span>
          <span
            className="PrivateTabIndicator-root-1 PrivateTabIndicator-colorSecondary-3 MuiTabs-indicator"
            style={Object {}}
          />
        </button>
        <button
          aria-controls="simple-tabpanel-1"
          aria-selected={false}
          className="MuiButtonBase-root MuiTab-root MuiTab-textColorInherit"
          disabled={false}
          id="simple-tab-1"
          onBlur={[Function]}
          onClick={[Function]}
          onDragLeave={[Function]}
          onFocus={[Function]}
          onKeyDown={[Function]}
          onKeyUp={[Function]}
          onMouseDown={[Function]}
          onMouseLeave={[Function]}
          onMouseUp={[Function]}
          onTouchEnd={[Function]}
          onTouchMove={[Function]}
          onTouchStart={[Function]}
          role="tab"
          tabIndex={-1}
          type="button"
        >
          <span
            className="MuiTab-wrapper"
          >
            CellMaps with Google Maps
          </span>
        </button>
        <button
          aria-controls="simple-tabpanel-2"
          aria-selected={false}
          className="MuiButtonBase-root MuiTab-root MuiTab-textColorInherit"
          disabled={false}
          id="simple-tab-2"
          onBlur={[Function]}
          onClick={[Function]}
          onDragLeave={[Function]}
          onFocus={[Function]}
          onKeyDown={[Function]}
          onKeyUp={[Function]}
          onMouseDown={[Function]}
          onMouseLeave={[Function]}
          onMouseUp={[Function]}
          onTouchEnd={[Function]}
          onTouchMove={[Function]}
          onTouchStart={[Function]}
          role="tab"
          tabIndex={-1}
          type="button"
        >
          <span
            className="MuiTab-wrapper"
          >
            Chat Bot
          </span>
        </button>
        <button
          aria-controls="simple-tabpanel-3"
          aria-selected={false}
          className="MuiButtonBase-root MuiTab-root MuiTab-textColorInherit"
          disabled={false}
          id="simple-tab-3"
          onBlur={[Function]}
          onClick={[Function]}
          onDragLeave={[Function]}
          onFocus={[Function]}
          onKeyDown={[Function]}
          onKeyUp={[Function]}
          onMouseDown={[Function]}
          onMouseLeave={[Function]}
          onMouseUp={[Function]}
          onTouchEnd={[Function]}
          onTouchMove={[Function]}
          onTouchStart={[Function]}
          role="tab"
          tabIndex={-1}
          type="button"
        >
          <span
            className="MuiTab-wrapper"
          >
            DB Connection Test
          </span>
        </button>
      </div>
    </div>
  </div>
  <div
    aria-labelledby="simple-tab-0"
    hidden={false}
    id="simple-tabpanel-0"
    role="tabpanel"
  >
    <div
      className="MuiBox-root MuiBox-root-5"
    >
      <p
        className="MuiTypography-root MuiTypography-body1"
      />
    </div>
  </div>
  <div
    aria-labelledby="simple-tab-1"
    hidden={true}
    id="simple-tabpanel-1"
    role="tabpanel"
  />
  <div
    aria-labelledby="simple-tab-2"
    hidden={true}
    id="simple-tabpanel-2"
    role="tabpanel"
  />
  <div
    aria-labelledby="simple-tab-3"
    hidden={true}
    id="simple-tabpanel-3"
    role="tabpanel"
  />
  <div
    className="MuiBox-root MuiBox-root-6 sc-dlnjPT eLntHy"
  >
    <p
      className="MuiTypography-root MuiTypography-body2 MuiTypography-colorTextSecondary MuiTypography-alignCenter"
    >
      Copyright Â© 
      <a
        className="MuiTypography-root MuiLink-root MuiLink-underlineHover MuiTypography-colorInherit"
        href="https://ecs.co.uk/"
        onBlur={[Function]}
        onFocus={[Function]}
      >
        ECS
      </a>
       2020
    </p>
  </div>
</div>
`;
