// Jest Snapshot v1, https://goo.gl/fbAQLP

exports[`Check if is a cook query must be initialized properly 1`] = `undefined`;

exports[`Check user existence query must be initialized properly 1`] = `undefined`;

exports[`Login query must be initialized properly 1`] = `undefined`;

exports[`Password change query must be initialized properly 1`] = `undefined`;

exports[`Password recovery query must be initialized properly 1`] = `undefined`;

exports[`User activation query must be initialized properly 1`] = `undefined`;

exports[`User add query must be initialized properly 1`] = `
Object {
  "definitions": Array [
    Object {
      "directives": Array [],
      "kind": "OperationDefinition",
      "name": undefined,
      "operation": "mutation",
      "selectionSet": Object {
        "kind": "SelectionSet",
        "selections": Array [
          Object {
            "alias": undefined,
            "arguments": Array [
              Object {
                "kind": "Argument",
                "name": Object {
                  "kind": "Name",
                  "value": "token",
                },
                "value": Object {
                  "kind": "Variable",
                  "name": Object {
                    "kind": "Name",
                    "value": "token",
                  },
                },
              },
              Object {
                "kind": "Argument",
                "name": Object {
                  "kind": "Name",
                  "value": "user",
                },
                "value": Object {
                  "fields": Array [
                    Object {
                      "kind": "ObjectField",
                      "name": Object {
                        "kind": "Name",
                        "value": "names",
                      },
                      "value": Object {
                        "kind": "Variable",
                        "name": Object {
                          "kind": "Name",
                          "value": "names",
                        },
                      },
                    },
                    Object {
                      "kind": "ObjectField",
                      "name": Object {
                        "kind": "Name",
                        "value": "surnames",
                      },
                      "value": Object {
                        "kind": "Variable",
                        "name": Object {
                          "kind": "Name",
                          "value": "surnames",
                        },
                      },
                    },
                    Object {
                      "kind": "ObjectField",
                      "name": Object {
                        "kind": "Name",
                        "value": "email",
                      },
                      "value": Object {
                        "kind": "Variable",
                        "name": Object {
                          "kind": "Name",
                          "value": "email",
                        },
                      },
                    },
                  ],
                  "kind": "ObjectValue",
                },
              },
            ],
            "directives": Array [],
            "kind": "Field",
            "name": Object {
              "kind": "Name",
              "value": "addUser",
            },
            "selectionSet": Object {
              "kind": "SelectionSet",
              "selections": Array [
                Object {
                  "alias": undefined,
                  "arguments": Array [],
                  "directives": Array [],
                  "kind": "Field",
                  "name": Object {
                    "kind": "Name",
                    "value": "id",
                  },
                  "selectionSet": undefined,
                },
                Object {
                  "alias": undefined,
                  "arguments": Array [],
                  "directives": Array [],
                  "kind": "Field",
                  "name": Object {
                    "kind": "Name",
                    "value": "names",
                  },
                  "selectionSet": undefined,
                },
                Object {
                  "alias": undefined,
                  "arguments": Array [],
                  "directives": Array [],
                  "kind": "Field",
                  "name": Object {
                    "kind": "Name",
                    "value": "surnames",
                  },
                  "selectionSet": undefined,
                },
                Object {
                  "alias": undefined,
                  "arguments": Array [],
                  "directives": Array [],
                  "kind": "Field",
                  "name": Object {
                    "kind": "Name",
                    "value": "email",
                  },
                  "selectionSet": undefined,
                },
              ],
            },
          },
        ],
      },
      "variableDefinitions": Array [
        Object {
          "defaultValue": undefined,
          "directives": Array [],
          "kind": "VariableDefinition",
          "type": Object {
            "kind": "NamedType",
            "name": Object {
              "kind": "Name",
              "value": "String",
            },
          },
          "variable": Object {
            "kind": "Variable",
            "name": Object {
              "kind": "Name",
              "value": "token",
            },
          },
        },
        Object {
          "defaultValue": undefined,
          "directives": Array [],
          "kind": "VariableDefinition",
          "type": Object {
            "kind": "NamedType",
            "name": Object {
              "kind": "Name",
              "value": "String",
            },
          },
          "variable": Object {
            "kind": "Variable",
            "name": Object {
              "kind": "Name",
              "value": "names",
            },
          },
        },
        Object {
          "defaultValue": undefined,
          "directives": Array [],
          "kind": "VariableDefinition",
          "type": Object {
            "kind": "NamedType",
            "name": Object {
              "kind": "Name",
              "value": "String",
            },
          },
          "variable": Object {
            "kind": "Variable",
            "name": Object {
              "kind": "Name",
              "value": "surnames",
            },
          },
        },
        Object {
          "defaultValue": undefined,
          "directives": Array [],
          "kind": "VariableDefinition",
          "type": Object {
            "kind": "NonNullType",
            "type": Object {
              "kind": "NamedType",
              "name": Object {
                "kind": "Name",
                "value": "String",
              },
            },
          },
          "variable": Object {
            "kind": "Variable",
            "name": Object {
              "kind": "Name",
              "value": "email",
            },
          },
        },
      ],
    },
  ],
  "kind": "Document",
  "loc": Object {
    "end": 231,
    "start": 0,
  },
}
`;
