// Jest Snapshot v1, https://goo.gl/fbAQLP

exports[`Renders properly 1`] = `
<p
  className="MuiTypography-root MuiTypography-body2 MuiTypography-colorTextSecondary MuiTypography-alignCenter"
>
  Copyright Â© 
  <a
    className="MuiTypography-root MuiLink-root MuiLink-underlineHover MuiTypography-colorInherit"
    href="https://www.linkedin.com/in/abasallo/"
    onBlur={[Function]}
    onFocus={[Function]}
  >
    alvaro@basallo.es
  </a>
   2022
</p>
`;
