// Jest Snapshot v1, https://goo.gl/fbAQLP

exports[`Renders properly 1`] = `
<div
  className="MuiContainer-root sc-bcXHqe bRLOeJ MuiContainer-maxWidthLg"
>
  <div
    className="MuiGrid-root sc-gswNZR fsLIpU MuiGrid-container MuiGrid-spacing-xs-2"
  >
    <div
      className="MuiGrid-root MuiGrid-item MuiGrid-grid-xs-12 MuiGrid-grid-sm-6 MuiGrid-grid-md-4 MuiGrid-grid-lg-3"
    >
      <div
        className="MuiPaper-root MuiCard-root sc-dkrFOg iSngnb MuiPaper-elevation1 MuiPaper-rounded"
      >
        Board 1
      </div>
    </div>
    <div
      className="MuiGrid-root MuiGrid-item MuiGrid-grid-xs-12 MuiGrid-grid-sm-6 MuiGrid-grid-md-4 MuiGrid-grid-lg-3"
    >
      <div
        className="MuiPaper-root MuiCard-root sc-dkrFOg iSngnb MuiPaper-elevation1 MuiPaper-rounded"
      >
        Board 2
      </div>
    </div>
    <div
      className="MuiGrid-root MuiGrid-item MuiGrid-grid-xs-12 MuiGrid-grid-sm-6 MuiGrid-grid-md-4 MuiGrid-grid-lg-3"
    >
      <div
        className="MuiPaper-root MuiCard-root sc-dkrFOg iSngnb MuiPaper-elevation1 MuiPaper-rounded"
      >
        Board 3
      </div>
    </div>
  </div>
  <button
    aria-label="add"
    className="MuiButtonBase-root MuiFab-root sc-hLBbgP locPzZ MuiFab-sizeMedium MuiFab-secondary"
    disabled={false}
    onBlur={[Function]}
    onDragLeave={[Function]}
    onFocus={[Function]}
    onKeyDown={[Function]}
    onKeyUp={[Function]}
    onMouseDown={[Function]}
    onMouseLeave={[Function]}
    onMouseUp={[Function]}
    onTouchEnd={[Function]}
    onTouchMove={[Function]}
    onTouchStart={[Function]}
    tabIndex={0}
    type="button"
  >
    <span
      className="MuiFab-label"
    >
      <svg
        aria-hidden={true}
        className="MuiSvgIcon-root MuiSvgIcon-fontSizeMedium css-i4bv87-MuiSvgIcon-root"
        data-testid="AddIcon"
        focusable="false"
        viewBox="0 0 24 24"
      >
        <path
          d="M19 13h-6v6h-2v-6H5v-2h6V5h2v6h6v2z"
        />
      </svg>
    </span>
  </button>
</div>
`;
