// Jest Snapshot v1, https://goo.gl/fbAQLP

exports[`Renders properly 1`] = `
<header
  className="MuiPaper-root MuiAppBar-root MuiAppBar-positionStatic MuiAppBar-colorPrimary sc-bcXHqe eaoBhD MuiPaper-elevation4"
>
  <div
    className="MuiToolbar-root MuiToolbar-regular sc-gswNZR cYoTxS MuiToolbar-gutters"
  >
    <img
      alt="Logo"
      className="sc-dkrFOg iWcAaZ"
      src="logo.png"
    />
  </div>
</header>
`;
